Processing heltec_wifi_lora_32_V3 (platform: espressif32; board: heltec_wifi_lora_32_V3; framework: arduino)
--------------------------------------------------------------------------------
Verbose mode can be enabled via `-v, --verbose` option
CONFIGURATION: https://docs.platformio.org/page/boards/espressif32/heltec_wifi_lora_32_V3.html
PLATFORM: Espressif 32 (6.13.0) > Heltec WiFi LoRa 32 (V3)
HARDWARE: ESP32S3 240MHz, 320KB RAM, 8MB Flash
DEBUG: Current (cmsis-dap) External (cmsis-dap, esp-bridge, esp-builtin, esp-prog, iot-bus-jtag, jlink, minimodule, olimex-arm-usb-ocd, olimex-arm-usb-ocd-h, olimex-arm-usb-tiny-h, olimex-jtag-tiny, tumpa)
PACKAGES: 
 - framework-arduinoespressif32 @ 3.20017.241212+sha.dcc1105b 
 - tool-esptoolpy @ 2.41100.0 (4.11.0) 
 - toolchain-riscv32-esp @ 8.4.0+2021r2-patch5 
 - toolchain-xtensa-esp32s3 @ 8.4.0+2021r2-patch5
LDF: Library Dependency Finder -> https://bit.ly/configure-pio-ldf
LDF Modes: Finder ~ chain, Compatibility ~ soft
Found 36 compatible libraries
Scanning dependencies...
Dependency Graph
|-- arduinoFFT @ 2.0.4
|-- PubSubClient @ 2.8.0
|-- MCCI LoRaWAN LMIC library @ 4.1.1
|-- WiFi @ 2.0.0
Building in release mode
Linking .pio\build\heltec_wifi_lora_32_V3\firmware.elf
platformio.exe : c:/users/riccardo/.platformio/packages/toolchain-xtensa-esp32s
3/bin/../lib/gcc/xtensa-esp32s3-elf/8.4.0/../../../../xtensa-esp32s3-elf/bin/ld
.exe: C:\Users\Riccardo\.platformio\packages\framework-arduinoespressif32\tools
\sdk\esp32s3\lib\libpp.a(hal_mac.o): in function `hal_init':
At line:1 char:1
+ & "C:\Users\Riccardo\.platformio\penv\Scripts\platformio.exe" run 2>& ...
+ ~~~~~~~~~~~~~~~~~~~~~~~~~~~~~~~~~~~~~~~~~~~~~~~~~~~~~~~~~~~~~~~~~~~~~
    + CategoryInfo          : NotSpecified: (c:/users/riccar...ion `hal_init': 
   :String) [], RemoteException
    + FullyQualifiedErrorId : NativeCommandError
 
(.text.hal_init+0x64): multiple definition of `hal_init'; 
.pio\build\heltec_wifi_lora_32_V3\lib0aa\libMCCI LoRaWAN LMIC library.a(hal.cpp
.o):C:\Users\Riccardo\Desktop\Ubuntu\PlatformIO\Projects\IoT_Individual/.pio/li
bdeps/heltec_wifi_lora_32_V3/MCCI LoRaWAN LMIC library/src/hal/hal.cpp:416: 
first defined here
collect2.exe: error: ld returned 1 exit status
*** [.pio\build\heltec_wifi_lora_32_V3\firmware.elf] Error 1
========================== [FAILED] Took 6.15 seconds 
==========================
